/Users/craigmccosker/Library/Python/3.9/lib/python/site-packages/urllib3/__init__.py:35: NotOpenSSLWarning: urllib3 v2 only supports OpenSSL 1.1.1+, currently the 'ssl' module is compiled with 'LibreSSL 2.8.3'. See: https://github.com/urllib3/urllib3/issues/3020
  warnings.warn(
Running single stage: ai-enrich
Loading existing data from data/podcasts_enriched_full.jsonl...
Loaded 50 existing podcasts.

▶ Stage: ai-enrich
  🤖 Analyzing: All In the Mind with Sana Qadar - ABC li...
    ✨ Vibe detected: Scholarly
    🪝 Hook: Dive into the mind, brain, and behavior with topics ranging from addiction to AI.
    Analyzing episode: Staying sane in space...
      🔹 Episode Vibe: Informational
    Analyzing episode: Mind Hacks with Dr Billy Garve...
      🔹 Episode Vibe: Meditative
  🤖 Analyzing: Background Briefing - ABC listen...
    ✨ Vibe detected: Cinematic
    🪝 Hook: True stories from trusted Australian reporters reveal hidden truths you won't want to miss.
    Analyzing episode: 01 In Search of the Missing Ar...
      🔹 Episode Vibe: Suspenseful
    Analyzing episode: Introducing | In Search of the...
      🔹 Episode Vibe: Suspenseful
  🤖 Analyzing: Bludging on the Blindside with Rampaging...
    ✨ Vibe detected: Whimsical
    🪝 Hook: Rampaging Roy Slaven and HG Nelson bring their unique perspectives to the world of sport in this dynamic podcast.
    Analyzing episode: Shark Meltdown - 30 year celeb...
      🔹 Episode Vibe: Chaotic
    Analyzing episode: Happy Easter, happy Rugby Leag...
      🔹 Episode Vibe: Dialectic
  🤖 Analyzing: Conversations with Richard Fidler and Sa...
    ✨ Vibe detected: Cinematic
    🪝 Hook: Dive into the extraordinary lives of fascinating individuals through intimate and thought-provoking conversations.
    Analyzing episode: 'The century of foundlings'—wh...
      🔹 Episode Vibe: Emotional
    Analyzing episode: Spotting the psychopaths, sadi...
      🔹 Episode Vibe: Educational
  🤖 Analyzing: Expanse with Dominique Bayens - ABC list...
    ✨ Vibe detected: Cinematic
    🪝 Hook: A young American firefighter vanishes into the Australian desert, leaving behind a mystery that haunts those who search for him.
    Analyzing episode: 06 Expanse: The Nannup Four | ...
      🔹 Episode Vibe: Suspenseful
    Analyzing episode: 05 Expanse: The Nannup Four | ...
      🔹 Episode Vibe: Suspenseful
  🤖 Analyzing: Global Roaming with Geraldine Doogue and...
    ✨ Vibe detected: Scholarly
    🪝 Hook: Award-winning journalists and new hosts dive into global events with insightful analysis.
    Analyzing episode: A Matter of Facts: Wikipedia c...
      🔹 Episode Vibe: Dialectic
    Analyzing episode: Could Australia and Asia suppl...
      🔹 Episode Vibe: Dialectic
  🤖 Analyzing: Health Report with Norman Swan and Dr Pr...
    ✨ Vibe detected: Scholarly
    🪝 Hook: Dr Norman Swan and Dr Preeya Alexander explore the latest in medical news and health breakthroughs.
    Analyzing episode: Treating a medical emergency ....
      🔹 Episode Vibe: Educational
    Analyzing episode: What to expect this flu season...
      🔹 Episode Vibe: Educational
  🤖 Analyzing: If You're Listening with Matt Bevan - AB...
    ✨ Vibe detected: Cinematic
    🪝 Hook: A journalist hides in his basement while unraveling global chaos and AI's impact on jobs.
    Analyzing episode: The brutal scam compounds of M...
      🔹 Episode Vibe: Suspenseful
    Analyzing episode: Growing up fighting apartheid...
      🔹 Episode Vibe: Educational
  🤖 Analyzing: Late Night Live with David Marr - ABC li...
    ✨ Vibe detected: Academic
    🪝 Hook: Join David Marr for incisive analysis and fearless debates on the serious, strange and profound.
    Analyzing episode: The making of poet A.D. Hope, ...
      🔹 Episode Vibe: Educational
    Analyzing episode: Attacks on culture in the USA,...
      🔹 Episode Vibe: Educational
  🤖 Analyzing: No One Saw It Coming with Marc Fennell -...
    ✨ Vibe detected: Cinematic
    🪝 Hook: Uncover the hidden moments that reshaped history in this gripping podcast series.
    Analyzing episode: Ancient Greek built a steam en...
      🔹 Episode Vibe: Educational
    Analyzing episode: She gave her son smallpox. Her...
      🔹 Episode Vibe: Educational
  🤖 Analyzing: Not Stupid with Julia Baird and Jeremy F...
    ✨ Vibe detected: Informational
    🪝 Hook: Julia Baird and Jeremy Fernandez dive into the stories that captivate and connect us all.
    Analyzing episode: Trump's oil advice and a legal...
      🔹 Episode Vibe: Dialectic
    Analyzing episode: Let them eat cake...
      🔹 Episode Vibe: Dialectic
  🤖 Analyzing: Politics Now with Patricia Karvelas - AB...
    ✨ Vibe detected: Informational
    🪝 Hook: Stay informed with trusted analysis on Australia's and global political headlines.
    Analyzing episode: Israel 'assumed' Iran would no...
      🔹 Episode Vibe: Informational
    Analyzing episode: The populist elephant in the r...
      🔹 Episode Vibe: Dialectic
  🤖 Analyzing: Science Friction - ABC listen...
    ✨ Vibe detected: Cinematic
    🪝 Hook: Join the journey as astronauts return to the Moon for the first time in over 50 years.
    Analyzing episode: 11 | Artemis Explained: Missio...
      🔹 Episode Vibe: Emotional
    Analyzing episode: 10 | Artemis Explained: Countd...
      🔹 Episode Vibe: Suspenseful
  🤖 Analyzing: The Case Of with Stephen Stockwell and R...
    ✨ Vibe detected: Cinematic
    🪝 Hook: Step inside Australia's most dramatic courtrooms and uncover the truth behind high-profile trials.
    Analyzing episode: 10 The Two Intruders | Over to...
      🔹 Episode Vibe: Suspenseful
    Analyzing episode: 07 Wheelie Bin Murder I Mistri...
      🔹 Episode Vibe: Suspenseful
  🤖 Analyzing: 00s Night - ABC listen...
    ✨ Vibe detected: Whimsical
    🪝 Hook: Relive the 2000s with the decade's hottest tunes in this nostalgic musical journey.
    Analyzing episode: 00s Night...
      🔹 Episode Vibe: Nostalgic
    Analyzing episode: Dappled Cities takeover 00s Ni...
      🔹 Episode Vibe: Nostalgic
  🤖 Analyzing: 50 Classical Icons with Mairi Nicolson -...
    ✨ Vibe detected: Scholarly
    🪝 Hook: Explore the lives and legendary recordings of classical music's greatest icons.
    Analyzing episode: Soprano Leontyne Price...
      🔹 Episode Vibe: Educational
    Analyzing episode: Clarinetist Gervase de Peyer...
      🔹 Episode Vibe: Educational
  🤖 Analyzing: A Death In Cryptoland - ABC listen...
    ✨ Vibe detected: Cinematic
    🪝 Hook: A young crypto CEO's mysterious death sparks a financial crisis and conspiracy theories in this true crime podcast.
    Analyzing episode: 01 | The Body...
      🔹 Episode Vibe: Suspenseful
    Analyzing episode: 02 | Hunting Ghosts...
      🔹 Episode Vibe: Suspenseful
  🤖 Analyzing: A Word in Your Ear with Roly Sussex - AB...
    ✨ Vibe detected: Scholarly
    🪝 Hook: Discover the fascinating quirks of English and other languages with Emeritus Professor Roly Sussex.
    Analyzing episode: A Word in Your Ear: Christmas ...
      🔹 Episode Vibe: Educational
    Analyzing episode: A Word in Your Ear: Politeness...
      🔹 Episode Vibe: Dialectic
  🤖 Analyzing: ABC AFL DAILY with Corbin Middlemas and ...
    ✨ Vibe detected: Informational
    🪝 Hook: Aussie Rules legends and sharp minds dissect the biggest AFL stories.
    Analyzing episode: What did Zak Butters say and h...
      🔹 Episode Vibe: Suspenseful
    Analyzing episode: AFL Saturday: Ramanauskas on W...
      🔹 Episode Vibe: Informational
  🤖 Analyzing: ABC Alice Springs Local News with News T...
    ✨ Vibe detected: Informational
    🪝 Hook: Local news, updated weekdays at 6:35am.
    Analyzing episode: ABC Alice Springs Local News...
      🔹 Episode Vibe: Informational
  🤖 Analyzing: ABC Ballarat Local News with News Team -...
    ✨ Vibe detected: Informational
    🪝 Hook: Local news, updated weekdays at 7:35am.
    Analyzing episode: ABC Ballarat Local News...
      🔹 Episode Vibe: Informational
  🤖 Analyzing: ABC Broken Hill Local News with News Tea...
    ✨ Vibe detected: Informational
    🪝 Hook: Local news, updated weekdays at 6:35am.
    Analyzing episode: ABC Broken Hill Local News...
      🔹 Episode Vibe: Informational
  🤖 Analyzing: ABC Business Daily with Carrington Clark...
    ✨ Vibe detected: Informational
    🪝 Hook: Stay ahead with daily insights on business, finance, and economy-shaping stories.
    Analyzing episode: Bonus: ABC Business Daily's Fu...
      🔹 Episode Vibe: Informational
    Analyzing episode: Can Paul Schroder save the Aus...
      🔹 Episode Vibe: Suspenseful
  🤖 Analyzing: ABC Capricornia Local News with News Tea...
    ✨ Vibe detected: Informational
    🪝 Hook: Local news, updated weekdays at 6:35am.
    Analyzing episode: ABC Capricornia Local News...
      🔹 Episode Vibe: Informational
  🤖 Analyzing: ABC Central Coast Local News with News T...
    Analyzing episode: ABC Central Coast Local News...
      🔹 Episode Vibe: Informational
  🤖 Analyzing: ABC Central Victoria Local News with New...
    ✨ Vibe detected: Informational
    🪝 Hook: Local news, updated weekdays at 6:35am.
    Analyzing episode: ABC Central Victoria Local New...
      🔹 Episode Vibe: Informational
  🤖 Analyzing: ABC Central West Local News with News Te...
    ✨ Vibe detected: Informational
    🪝 Hook: Local news, updated weekdays at 6:35am.
    Analyzing episode: ABC Central West Local News...
      🔹 Episode Vibe: Informational
  🤖 Analyzing: ABC Coffs Coast Local News with News Tea...
    ✨ Vibe detected: Informational
    🪝 Hook: Local news, updated weekdays at 6:35am.
    Analyzing episode: ABC Coffs Coast Local News...
      🔹 Episode Vibe: Informational
  🤖 Analyzing: ABC COMEDY Presents - ABC listen...
    ✨ Vibe detected: Whimsical
    🪝 Hook: Live Australian stand-up comedy delivered straight to your podcast feed.
    Analyzing episode: A Comedy Bite featuring Alex W...
      🔹 Episode Vibe: Chaotic
    Analyzing episode: A Comedy Bite featuring He Hua...
      🔹 Episode Vibe: Fast-paced and energetic
  🤖 Analyzing: ABC Country Curates - ABC listen...
    ✨ Vibe detected: Whimsical
    🪝 Hook: Let ABC Country's curated tunes accompany you through every mood and moment of your day or night.
    Analyzing episode: Ambient Country Vol. 1...
      🔹 Episode Vibe: Meditative
    Analyzing episode: Ambient Country Vol. 1...
      🔹 Episode Vibe: Meditative
  🤖 Analyzing: ABC Cricket Podcast with Corbin Middlema...
    ✨ Vibe detected: Informational
    🪝 Hook: Cricket's best analysis with Corbin Middlemas and Ed Cowan on Test, T20 and ODIs.
    Analyzing episode: George Bailey chats relationsh...
      🔹 Episode Vibe: Informational
    Analyzing episode: A "proper" Sheffield Shield fi...
      🔹 Episode Vibe: Informational
  🤖 Analyzing: ABC Esperance Local News with News Team ...
    ✨ Vibe detected: Informational
    🪝 Hook: Local news, updated weekdays at 6:35am.
    Analyzing episode: Esperance Local News...
      🔹 Episode Vibe: Informational
  🤖 Analyzing: ABC Eyre Peninsula Local News with News ...
    ✨ Vibe detected: Informational
    🪝 Hook: Local news, updated weekdays at 6:35am.
    Analyzing episode: ABC Eyre Peninsula Local News...
      🔹 Episode Vibe: Informational
  🤖 Analyzing: ABC Far North Local News with News Team ...
    ✨ Vibe detected: Informational
    🪝 Hook: Local news, updated weekdays at 6:30am.
    Analyzing episode: ABC Far North Local News...
      🔹 Episode Vibe: Informational
  🤖 Analyzing: ABC Gippsland Local News with News Team ...
    ✨ Vibe detected: Informational
    🪝 Hook: Local news, updated weekdays at 6:35am.
    Analyzing episode: ABC Gippsland Local News...
      🔹 Episode Vibe: Informational
  🤖 Analyzing: ABC Gold Coast Local News with News Team...
    ✨ Vibe detected: Informational
    🪝 Hook: Local news, updated weekdays at 6:35am.
    Analyzing episode: ABC Gold Coast Local News...
      🔹 Episode Vibe: Informational
  🤖 Analyzing: ABC Goldfields Local News with News Team...
    ✨ Vibe detected: Informational
    🪝 Hook: Local news, updated weekdays at 6:35am
    Analyzing episode: ABC Goldfields Local News...
      🔹 Episode Vibe: Informational
  🤖 Analyzing: ABC Goulburn Murray Local News with News...
    ✨ Vibe detected: Informational
    🪝 Hook: Local news, updated weekdays at 6:35am.
    Analyzing episode: ABC Goulburn Murray Local News...
      🔹 Episode Vibe: Informational
  🤖 Analyzing: ABC Great Southern Local News with News ...
    ✨ Vibe detected: Informational
    🪝 Hook: Local news, updated weekdays at 6:35am.
    Analyzing episode: ABC Great Southern Local News...
      🔹 Episode Vibe: Informational
  🤖 Analyzing: ABC Illawarra Local News with News Team ...
    ✨ Vibe detected: Informational
    🪝 Hook: Local news, updated weekdays at 7:35am.
    Analyzing episode: ABC Illawarra Local News...
      🔹 Episode Vibe: Informational
  🤖 Analyzing: ABC Jazz Favourites - ABC listen...
    ✨ Vibe detected: Cinematic
    🪝 Hook: Curated jazz collections to accompany your day or night with unique, mood-based music picks.
    Analyzing episode: Blues For Dreaming...
      🔹 Episode Vibe: Meditative
    Analyzing episode: Too Darn Hot...
      🔹 Episode Vibe: Meditative
  🤖 Analyzing: ABC Kimberley Local News with News Team ...
    ✨ Vibe detected: Informational
    🪝 Hook: Local news, updated weekdays at 6:35am.
    Analyzing episode: ABC Kimberley Local News...
      🔹 Episode Vibe: Informational
  🤖 Analyzing: ABC Mid North Coast Local News with News...
    ✨ Vibe detected: Informational
    🪝 Hook: Local news, updated weekdays at 6:35am.
    Analyzing episode: ABC Mid North Coast Local News...
      🔹 Episode Vibe: Informational
  🤖 Analyzing: ABC Midwest & Wheatbelt Local News with ...
    ✨ Vibe detected: Informational
    🪝 Hook: Local news, updated weekdays at 6:35am.
    Analyzing episode: ABC Midwest & Wheatbelt Local ...
      🔹 Episode Vibe: Informational
  🤖 Analyzing: ABC Mildura-Swan Hill Local News with Ne...
    ✨ Vibe detected: Informational
    🪝 Hook: Local news, updated weekdays at 6:35am.
    Analyzing episode: ABC Mildura-Swan Hill Local Ne...
      🔹 Episode Vibe: Informational
  🤖 Analyzing: ABC New England North West Local News wi...
    ✨ Vibe detected: Informational
    🪝 Hook: Local news, updated weekdays at 6:35am.
    Analyzing episode: ABC New England North West Loc...
      🔹 Episode Vibe: Informational
  🤖 Analyzing: ABC Newcastle Local News with News Team ...
    ✨ Vibe detected: Informational
    🪝 Hook: Local news, updated weekdays at 7:35am.
    Analyzing episode: ABC Newcastle Local News...
      🔹 Episode Vibe: Informational
  🤖 Analyzing: ABC News Daily with Samantha Hawley - AB...
    ✨ Vibe detected: Informational
    🪝 Hook: Stay informed with ABC News Daily's concise, trusted coverage of global issues.
    Analyzing episode: Alan Kohler’s case to national...
      🔹 Episode Vibe: Dialectic
    Analyzing episode: What the shaky Iran ceasefire ...
      🔹 Episode Vibe: Informational
  🤖 Analyzing: ABC NewsRadio - ABC listen...
    ✨ Vibe detected: Informational
    🪝 Hook: Australia's only 24/7 news network delivers unbiased, factual coverage of current events.
    Analyzing episode: Former South Korean president ...
      🔹 Episode Vibe: Informational
    Analyzing episode: How the US seized Russian oil ...
      🔹 Episode Vibe: Suspenseful
  🤖 Analyzing: ABC North and West SA Local News with Ne...
    ✨ Vibe detected: Informational
    🪝 Hook: Local news, updated weekdays at 6:35am
    Analyzing episode: ABC North and West SA Local Ne...
      🔹 Episode Vibe: Informational
  ✓ ai-enrich complete (50 podcasts)
Successfully collected 50 podcasts.
Wrote data to data/podcasts_enriched_calibrated.jsonl
