/Users/craigmccosker/Library/Python/3.9/lib/python/site-packages/urllib3/__init__.py:35: NotOpenSSLWarning: urllib3 v2 only supports OpenSSL 1.1.1+, currently the 'ssl' module is compiled with 'LibreSSL 2.8.3'. See: https://github.com/urllib3/urllib3/issues/3020
  warnings.warn(
Starting full pipeline from sitemap: https://www.abc.net.au/sitemaps/sitemap-listen-0.xml.gz

▶ Stage: discover
  Fetching popular list from https://www.abc.net.au/listen/listenapp/most-listened-podcasts/103470928...
  Found 14 popular shows.
  Fetching sitemap: https://www.abc.net.au/sitemaps/sitemap-listen-0.xml.gz
  Found 450 unique shows.
  Discovered 450 shows to process.
  ✓ discover complete (450 podcasts)

▶ Stage: parse
  Parsed: All In the Mind with Sana Qadar - ABC listen (10 eps)
  Parsed: Background Briefing - ABC listen (10 eps)
  Parsed: Bludging on the Blindside with Rampaging Roy Slaven and HG Nelson - ABC listen (10 eps)
  Parsed: Conversations with Richard Fidler and Sarah Kanowski - ABC listen (10 eps)
  Parsed: Expanse with Dominique Bayens - ABC listen (10 eps)
  Parsed: Global Roaming with Geraldine Doogue and Hamish Macdonald and Kylie Morris and Latika Bourke - ABC listen (10 eps)
  Parsed: Health Report with Norman Swan and Dr Preeya Alexander - ABC listen (10 eps)
  Parsed: If You're Listening with Matt Bevan - ABC listen (10 eps)
  Parsed: Late Night Live with David Marr - ABC listen (10 eps)
  Parsed: No One Saw It Coming with Marc Fennell - ABC listen (10 eps)
  Parsed: Not Stupid with Julia Baird and Jeremy Fernandez - ABC listen (10 eps)
  Parsed: Politics Now with Patricia Karvelas - ABC listen (10 eps)
  Parsed: Science Friction - ABC listen (10 eps)
  Parsed: The Case Of with Stephen Stockwell and Rachael Brown and Kristian Silva - ABC listen (10 eps)
  Parsed: 00s Night - ABC listen (4 eps)
  Parsed: 50 Classical Icons with Mairi Nicolson - ABC listen (6 eps)
  Parsed: A Death In Cryptoland - ABC listen (6 eps)
  Parsed: A Word in Your Ear with Roly Sussex - ABC listen (10 eps)
  Parsed: ABC AFL DAILY with Corbin Middlemas and Ben Cameron - ABC listen (10 eps)
  Parsed: ABC Alice Springs Local News with News Team - ABC listen (1 eps)
  Parsed: ABC Ballarat Local News with News Team - ABC listen (1 eps)
  Parsed: ABC Broken Hill Local News with News Team - ABC listen (1 eps)
  Parsed: ABC Business Daily with Carrington Clarke and Alan Kohler - ABC listen (10 eps)
  Parsed: ABC Capricornia Local News with News Team - ABC listen (1 eps)
  Parsed: ABC Central Coast Local News with News Team - ABC listen (1 eps)
  Parsed: ABC Central Victoria Local News with News Team - ABC listen (1 eps)
  Parsed: ABC Central West Local News with News Team - ABC listen (1 eps)
  Parsed: ABC Coffs Coast Local News with News Team - ABC listen (1 eps)
  Parsed: ABC COMEDY Presents - ABC listen (10 eps)
  Parsed: ABC Country Curates - ABC listen (8 eps)
  Parsed: ABC Cricket Podcast with Corbin Middlemas and Ed Cowan - ABC listen (10 eps)
  Parsed: ABC Esperance Local News with News Team - ABC listen (1 eps)
  Parsed: ABC Eyre Peninsula Local News with News Team - ABC listen (1 eps)
  Parsed: ABC Far North Local News with News Team - ABC listen (1 eps)
  Parsed: ABC Gippsland Local News with News Team - ABC listen (1 eps)
  Parsed: ABC Gold Coast Local News with News Team - ABC listen (1 eps)
  Parsed: ABC Goldfields Local News with News Team - ABC listen (1 eps)
  Parsed: ABC Goulburn Murray Local News with News Team - ABC listen (1 eps)
  Parsed: ABC Great Southern Local News with News Team - ABC listen (1 eps)
  Parsed: ABC Illawarra Local News with News Team - ABC listen (1 eps)
  Parsed: ABC Jazz Favourites - ABC listen (10 eps)
  Parsed: ABC Kimberley Local News with News Team - ABC listen (1 eps)
  Parsed: ABC Mid North Coast Local News with News Team - ABC listen (1 eps)
  Parsed: ABC Midwest & Wheatbelt Local News with News Team - ABC listen (1 eps)
  Parsed: ABC Mildura-Swan Hill Local News with News Team - ABC listen (1 eps)
  Parsed: ABC New England North West Local News with News Team - ABC listen (1 eps)
  Parsed: ABC Newcastle Local News with News Team - ABC listen (1 eps)
  Parsed: ABC News Daily with Samantha Hawley - ABC listen (10 eps)
  Parsed: ABC NewsRadio - ABC listen (2 eps)
  Parsed: ABC North and West SA Local News with News Team - ABC listen (1 eps)
  Parsed: ABC North Coast Local News with News Team - ABC listen (1 eps)
  Parsed: ABC North Qld Local News with News Team - ABC listen (1 eps)
  Parsed: ABC Northern Tasmania Local News with News Team - ABC listen (1 eps)
  Parsed: ABC North West Local News with News Team - ABC listen (1 eps)
  Parsed: ABC NRL Daily with Andrew Moore - ABC listen (10 eps)
  Parsed: ABC Pilbara Local News with News Team - ABC listen (1 eps)
  Parsed: ABC Rewind - ABC listen (10 eps)
  Parsed: ABC Riverina Local News with News Team - ABC listen (1 eps)
  Parsed: ABC Riverland Local News with News Team - ABC listen (1 eps)
  Parsed: ABC Shepparton Local News with News Team - ABC listen (1 eps)
  Parsed: ABC South East NSW Local News with News Team - ABC listen (1 eps)
  Parsed: ABC South East SA Local News with News Team - ABC listen (1 eps)
  Parsed: ABC South West WA Local News with News Team - ABC listen (1 eps)
  Parsed: ABC South West Victoria Local News with News Team - ABC listen (1 eps)
  Parsed: ABC Southern Queensland Local News with News Team - ABC listen (1 eps)
  Parsed: ABC SPORT DAILY with Patrick Stack - ABC listen (10 eps)
  Parsed: ABC Sunshine Coast Local News with News Team - ABC listen (1 eps)
  Parsed: ABC TassieCast with Airlie Ward - ABC listen (10 eps)
  Parsed: ABC Tropical North Local News with News Team - ABC listen (1 eps)
  Parsed: ABC Upper Hunter Local News with News Team - ABC listen (1 eps)
  Parsed: ABC Western Plains Local News with News Team - ABC listen (1 eps)
  Parsed: ABC Western Queensland Local News with News Team - ABC listen (1 eps)
  Parsed: ABC Wide Bay Local News with News Team - ABC listen (1 eps)
  Parsed: ABC Wimmera Local News with News Team - ABC listen (1 eps)
  Parsed: A Big Country with David Claughton - ABC listen (10 eps)
  Parsed: SA Afternoons with Jo Laverty - ABC listen (10 eps)
  Parsed: Adelaide Breakfast with Sonya Feldhoff and Jules Schiller - ABC listen (10 eps)
  Parsed: Adelaide Drive with Nikolai Beilharz - ABC listen (10 eps)
  Parsed: SA & NT Evenings with Spence Denny - ABC listen (10 eps)
  Parsed: Adelaide Mornings with Rory McClaren - ABC listen (10 eps)
  Parsed: SA Sunday Morning with Jason Chong - ABC listen (10 eps)
  Parsed: AFL Monday with Corbin and Ben with Corbin Middlemas and Ben Cameron - ABC listen (8 eps)
  Parsed: Alice Springs Breakfast with Stewart Brash - ABC listen (10 eps)
  Parsed: Alice Springs Drive with Nat Tencic - ABC listen (10 eps)
  Parsed: Alice Springs Mornings with Meredith Lake and Rick Hind - ABC listen (10 eps)
  Parsed: Outback NT Rural Report with Charles Geary and Sam Parry - ABC listen (10 eps)
  Parsed: Alice Springs Saturday Mornings with Stewart Brash - ABC listen (10 eps)
  Parsed: AM with Melissa Clarke - ABC listen (10 eps)
  Parsed: Anthony Burke's By Design with Anthony Burke - ABC listen (10 eps)
  Parsed: Arts In 30 with Sky Kirkham - ABC listen (10 eps)
  Parsed: ASSASSINS with Aslan Pahari with Aslan Pahari - ABC listen (10 eps)
  Parsed: Australia Plays with Mairi Nicolson - ABC listen (4 eps)
  Parsed: Australia Wide with Sinéad Mangan and Alex Barwick - ABC listen (10 eps)
  Parsed: Australia All Over with Ian McNamara - ABC listen (10 eps)
  Parsed: Awaye! with Rudi Bremer - ABC listen (10 eps)
  Parsed: Ballarat Breakfast with Steve Martin - ABC listen (10 eps)
  Parsed: Bandstand with Lucas Burns - ABC listen (6 eps)
  Parsed: Best of ABC Sport Podcast - ABC listen (10 eps)
  Parsed: Best Of The Festivals with Cassie McCullagh - ABC listen (10 eps)
  Parsed: Big Ideas with Natasha Mitchell - ABC listen (10 eps)
  Parsed: Bluey Book Reads - ABC listen (0 eps)
  Parsed: Bluey Listen Along - ABC listen (0 eps)
  Parsed: Bluey Listen Along - ABC listen (0 eps)
  Parsed: Boyer Lectures - ABC listen (10 eps)
  Parsed: Queensland Afternoons with Katherine Feeney - ABC listen (10 eps)
  Parsed: Brisbane Breakfast with Loretta Ryan and Craig Zonca - ABC listen (10 eps)
  Parsed: Brisbane Drive with Ellen Fanning - ABC listen (10 eps)
  Parsed: Queensland Evenings with Kelly Higgins-Devine - ABC listen (10 eps)
  Parsed: Brisbane Mornings with Steve Austin - ABC listen (10 eps)
  Parsed: Brisbane Saturday Breakfast with Mel Bampton - ABC listen (10 eps)
  Parsed: Queensland Saturday Morning with Sally Rope - ABC listen (10 eps)
  Parsed: Queensland Sunday Morning with Sally Rope - ABC listen (5 eps)
  Parsed: Broken Hill Breakfast with Andrew Schmidt - ABC listen (10 eps)
  Parsed: Broken Hill Mornings with Patrick Reincke - ABC listen (10 eps)
  Parsed: Broken Hill Saturday Breakfast with Aimee Volkofsky - ABC listen (10 eps)
  Parsed: Canberra Afternoons with Alice Matthews and Emma Bickley - ABC listen (10 eps)
  Parsed: Canberra Breakfast with Ross Solly - ABC listen (10 eps)
  Parsed: Canberra Drive with Georgia Stynes - ABC listen (10 eps)
  Parsed: Canberra Grandstand with Hannah Walmsley - ABC listen (10 eps)
  Parsed: Canberra Mornings with Saskia Mabin - ABC listen (10 eps)
  Parsed: Canberra Saturday Breakfast with Emma Bickley - ABC listen (10 eps)
  Parsed: Canberra Sunday Brunch with Kate Midena and Kim Huynh - ABC listen (10 eps)
  Parsed: Capricornia Breakfast with Jeremy Jones - ABC listen (10 eps)
  Parsed: Capricornia Saturday Breakfast with Karyn Wilson - ABC listen (10 eps)
  Parsed: Capricornia Saturday Grandstand with Michael Busby - ABC listen (10 eps)
  Parsed: Central Coast Breakfast with Scott Levi - ABC listen (10 eps)
  Parsed: Central Victoria Breakfast with Fiona Parker - ABC listen (10 eps)
  Parsed: Central West Breakfast with Alex James - ABC listen (10 eps)
  Parsed: Central West Saturday Breakfast with Cam Hughes - ABC listen (10 eps)
  Parsed: Classic Breakfast with Megan Burslem - ABC listen (10 eps)
  Parsed: Classic Drive with Vanessa Hughes - ABC listen (10 eps)
  Parsed: Classic Favourites - ABC listen (4 eps)
  Parsed: Mornings with Russell Torrance - ABC listen (10 eps)
  Parsed: Saturday Afternoon with Leigh Sales - ABC listen (4 eps)
  Parsed: Weekend Breakfast with Ed Le Brocq - ABC listen (10 eps)
  Parsed: Weekend Mornings with Alice Keath and Danielle McGrane - ABC listen (8 eps)
  Parsed: Coffs Coast Breakfast with Fiona Poole - ABC listen (10 eps)
  Parsed: Come By Chance - ABC listen (8 eps)
  Parsed: Coronacast with Tegan Taylor and Dr Norman Swan - ABC listen (10 eps)
  Parsed: Country Breakfast with David Claughton - ABC listen (10 eps)
  Parsed: Countrywide with Various Presenters - ABC listen (10 eps)
  Parsed: Critics Corner with Hilary Harper - ABC listen (10 eps)
  Parsed: NT Afternoons with Liz Trevaskis - ABC listen (10 eps)
  Parsed: Darwin Breakfast with Jess Ong - ABC listen (10 eps)
  Parsed: Darwin Drive with Adam Steer - ABC listen (10 eps)
  Parsed: Darwin Mornings with Lara Stimpson - ABC listen (10 eps)
  Parsed: Darwin Saturdays with Amelia Searson - ABC listen (10 eps)
  Parsed: NT Sundays with David Garnham - ABC listen (10 eps)
  Parsed: Dawn Chorus - ABC listen (10 eps)
  Parsed: Days Like These with Farz Edraki - ABC listen (10 eps)
  Parsed: Dead Funny History - ABC listen (0 eps)
  Parsed: Desko with Zan Rowe - ABC listen (0 eps)
  Parsed: Did Titanic Sink? with Tim Batt and Carlo Ritchie - ABC listen (8 eps)
  Parsed: Do You Know Mordechai? - ABC listen (7 eps)
  Parsed: Arvos with Dylan Lewis - ABC listen (10 eps)
  Parsed: Classic Albums with Caz Tran - ABC listen (10 eps)
  Parsed: Lunch with Karen Leng - ABC listen (10 eps)
  Parsed: Mornings with Michael Hing - ABC listen (10 eps)
  Parsed: Special - ABC listen (10 eps)
  Parsed: Weekends with Angharad Yeo - ABC listen (0 eps)
  Parsed: Download This Show with Rae Johnston - ABC listen (10 eps)
  Parsed: Duet with Tamara-Anna Cislowska - ABC listen (2 eps)
  Parsed: Early Morning Country with Michael Clarke - ABC listen (10 eps)
  Parsed: Edge Of Country - ABC listen (4 eps)
  Parsed: Essential Jazz - ABC listen (10 eps)
  Parsed: Evening Concert with Joel Carnegie - ABC listen (10 eps)
  Parsed: Every Bite with Jonathan Green - ABC listen (10 eps)
  Parsed: Evil Genius - ABC listen (0 eps)
  Parsed: Eyre Peninsula Breakfast with Emma Pedler - ABC listen (10 eps)
  Parsed: F1 Back at Base - ABC listen (0 eps)
  Parsed: Far North Breakfast with Charlie McKillop - ABC listen (10 eps)
  Parsed: Far North and North Queensland Rural Report with Sophie Johnson and Brooke Tindall - ABC listen (10 eps)
  Parsed: Far North Saturday Breakfast with Amanda Cranston - ABC listen (10 eps)
  Parsed: Far North Saturday Grandstand with Bluey Forsyth - ABC listen (10 eps)
  Parsed: Fierce Girls - ABC listen (10 eps)
  Parsed: For The God Who Sings with Stephen Watkins - ABC listen (4 eps)
  Parsed: Forged with Adrian Stimson - ABC listen (7 eps)
  Parsed: Friday Mornings with Tom Ravenscroft - ABC listen (10 eps)
  Parsed: Friday Night with Alice Keath - ABC listen (4 eps)
  Parsed: 00s Night - ABC listen (4 eps)
  Parsed: Future Tense with Antony Funnell - ABC listen (10 eps)
  Parsed: Game Show with Meena Shamaly - ABC listen (10 eps)
  Parsed: Gatsby in Harlem - ABC listen (0 eps)
  Parsed: Gippsland and Goulburn Murray Rural Report with Annie Brown and Fiona Broom - ABC listen (10 eps)
  Parsed: Gippsland Breakfast with Mim Hook - ABC listen (10 eps)
  Parsed: God Forbid with James Carleton - ABC listen (10 eps)
  Parsed: Gold Coast Breakfast with Trevor Jackson - ABC listen (10 eps)
  Parsed: Gold Coast Drive with Bern Young - ABC listen (10 eps)
  Parsed: Gold Coast Mornings with Nicole Dyer - ABC listen (10 eps)
  Parsed: Gold Coast Saturday Breakfast with Tom Forbes - ABC listen (10 eps)
  Parsed: Goldfields-Esperance Breakfast with Ivo da Silva - ABC listen (10 eps)
  Parsed: Goldfields Esperance, Midwest & Wheatbelt Rural Report - ABC listen (10 eps)
  Parsed: Goldfields-Esperance Saturday Breakfast with Kirstyn Johnstone - ABC listen (10 eps)
  Parsed: Goulburn Murray Breakfast with Sandra Moon - ABC listen (10 eps)
  Parsed: Grass Roots - ABC listen (4 eps)
  Parsed: Great Southern Breakfast with Paul Cook - ABC listen (10 eps)
  Parsed: Great Southern Saturday Breakfast with Ela Bristow - ABC listen (10 eps)
  Parsed: Hey Duggee Pupcast - ABC listen (0 eps)
  Parsed: History Or Hoarding? With Annabel Crabb with Annabel Crabb - ABC listen (1 eps)
  Parsed: Hobart Breakfast with Ryk Goddard - ABC listen (10 eps)
  Parsed: Hobart Drive with Lucy Breaden and Kylie Baxter - ABC listen (10 eps)
  Parsed: Tasmania Evenings with Helen Shield - ABC listen (10 eps)
  Parsed: Tasmania Local Grandstand with Chris Rowbottom - ABC listen (10 eps)
  Parsed: Tasmania Mornings with Leon Compton - ABC listen (10 eps)
  Parsed: Tasmania Saturdays with Mel Bush - ABC listen (10 eps)
  Parsed: Tasmania Sundays with Lucie Cutting - ABC listen (10 eps)
  Parsed: Tasmania Afternoons with Joel Rheinberger - ABC listen (10 eps)
  Parsed: Ideas at the House - ABC listen (8 eps)
  Parsed: Illawarra Breakfast with Melinda James - ABC listen (10 eps)
  Parsed: Illawarra Drive with Lindsay McDougall - ABC listen (10 eps)
  Parsed: Illawarra Mornings with Nick Rheinberger and Amy Duggan - ABC listen (10 eps)
  Parsed: Illawarra Saturday Breakfast with Mark Matthews - ABC listen (10 eps)
  Parsed: In Concert - ABC listen (0 eps)
  Parsed: Insiders Podcast with David Speers - ABC listen (10 eps)
  Parsed: Artist in Residence - ABC listen (10 eps)
  Parsed: Jazz Breakfast - ABC listen (0 eps)
  Parsed: Jazz Legends with Eric Ajaye - ABC listen (10 eps)
  Parsed: Lunch - ABC listen (0 eps)
  Parsed: Jazz Unwind - ABC listen (10 eps)
  Parsed: Jazztrack with Mal Stanley - ABC listen (10 eps)
  Parsed: Jazztrack Live with Mal Stanley - ABC listen (10 eps)
  Parsed: Kids Classics with Genevieve Lang - ABC listen (1 eps)
  Parsed: Kimberley Breakfast with Vanessa Mills - ABC listen (10 eps)
  Parsed: Kimberley Pilbara Mornings with Charlie Mills - ABC listen (10 eps)
  Parsed: Kimberley Pilbara Saturday Breakfast with Roslyn Butcher - ABC listen (10 eps)
  Parsed: Lab Notes with Jonathan Webb - ABC listen (10 eps)
  Parsed: Ladies, We Need To Talk with Yumi Stynes - ABC listen (10 eps)
  Parsed: Lady Killers with Lucy Worsley - ABC listen (0 eps)
  Parsed: Jazz After Hours - ABC listen (0 eps)
  Parsed: Law Report with Damien Carrick - ABC listen (10 eps)
  Parsed: Legends with Mairi Nicolson - ABC listen (0 eps)
  Parsed: Life Matters with Tegan Taylor and Beverley Wang - ABC listen (10 eps)
  Parsed: Line Break - ABC listen (10 eps)
  Parsed: Live at the Wireless with Caz Tran - ABC listen (10 eps)
  Parsed: Love Me - ABC listen (8 eps)
  Parsed: Luminous with Bailey Pickles and Lolita Emmanuel - ABC listen (8 eps)
  Parsed: Lunchtime Concert with Genevieve Lang and Stéphanie Kabanyana Kanyandekwe - ABC listen (10 eps)
  Parsed: MediaLand with Tim Burrowes and Vivienne Kelly - ABC listen (10 eps)
  Parsed: Victorian Afternoons with Brigitte Duclos - ABC listen (10 eps)
  Parsed: Melbourne Breakfast with Bob Murphy and Richelle Hunt - ABC listen (10 eps)
  Parsed: Melbourne Drive with Ali Moore - ABC listen (10 eps)
  Parsed: Victorian Evenings with David Astle - ABC listen (10 eps)
  Parsed: Melbourne Mornings with Rafael Epstein - ABC listen (10 eps)
  Parsed: Melbourne Saturday Breakfast with Brian Nankervis - ABC listen (10 eps)
  Parsed: Victorian Saturday Mornings with Jacinta Parsons - ABC listen (10 eps)
  Parsed: Victorian Sundays with Lisa Leong - ABC listen (10 eps)
  Parsed: Mid and North Coast Rural Report with Kim Honan - ABC listen (10 eps)
  Parsed: Mid North Coast Breakfast with Cameron Marshall - ABC listen (10 eps)
  Parsed: Mid North Coast Saturday Breakfast with Bill Wedgwood and Meredith Kirton - ABC listen (10 eps)
  Parsed: Midsomer Murders Mayhem - ABC listen (0 eps)
  Parsed: Mildura-Swan Hill Breakfast with Grace Marshall - ABC listen (10 eps)
  Parsed: Mindful Music with Greta Bradman - ABC listen (6 eps)
  Parsed: Music Class with Ed Le Brocq and Genevieve Lang - ABC listen (7 eps)
  Parsed: The Music Show with Andrew Ford - ABC listen (10 eps)
  Parsed: National Afternoons - ABC listen (10 eps)
  Parsed: National Drive - ABC listen (10 eps)
  Parsed: National Evenings - ABC listen (10 eps)
  Parsed: National Mornings - ABC listen (10 eps)
  Parsed: National News - ABC listen (1 eps)
  Parsed: Newcastle Breakfast with Paul Culliver - ABC listen (10 eps)
  Parsed: Newcastle Drive with Jenny Marchant - ABC listen (10 eps)
  Parsed: NSW Mornings with Paul Turton - ABC listen (10 eps)
  Parsed: Newcastle Saturday Breakfast with Scott Bevan - ABC listen (10 eps)
  Parsed: New England North West Breakfast with Kristy Reading - ABC listen (10 eps)
  Parsed: New England North West Saturday Breakfast with Natacha Curnow - ABC listen (10 eps)
  Parsed: New England North West Saturday Sport with Liana Boss - ABC listen (10 eps)
  Parsed: ABC News Sport - ABC listen (1 eps)
  Parsed: Night Music - ABC listen (3 eps)
  Parsed: Nightlife with Philip Clark and Suzanne Hill - ABC listen (10 eps)
  Parsed: Nocturnal Worlds - ABC listen (10 eps)
  Parsed: North and West and Eyre Peninsula Rural Report with Brooke Neindorf and Isabella Kelly - ABC listen (10 eps)
  Parsed: Queensland Northern Drive with Adam Stephen - ABC listen (10 eps)
  Parsed: North West and Western Queensland Rural Report with Crispian Yeomans - ABC listen (10 eps)
  Parsed: North and West SA Breakfast with Tom Mann - ABC listen (10 eps)
  Parsed: North and West and Eyre Peninsula Saturday Breakfast with Ian Harslett - ABC listen (10 eps)
  Parsed: North Coast Breakfast with Bridie Tanner - ABC listen (10 eps)
  Parsed: North Coast Saturday Breakfast with Angela Catterns - ABC listen (10 eps)
  Parsed: Northern WA Rural Report with Jess Baker - ABC listen (10 eps)
  Parsed: North Qld Breakfast with Michael Clarke - ABC listen (10 eps)
  Parsed: Qld Mornings with Susan Graham-Ryan - ABC listen (10 eps)
  Parsed: North Qld Saturday Breakfast with Jess Naunton - ABC listen (10 eps)
  Parsed: North Qld Saturday Grandstand with Grant Bell - ABC listen (10 eps)
  Parsed: Northern Tasmania Breakfast with Kim Napier - ABC listen (10 eps)
  Parsed: Northern Tasmania Drive with André Leslie - ABC listen (10 eps)
  Parsed: North West Breakfast with Zara Margolis - ABC listen (10 eps)
  Parsed: North West Saturday Breakfast with Heather Hale - ABC listen (10 eps)
  Parsed: NRL Monday with Andrew Moore with Andrew Moore - ABC listen (8 eps)
  Parsed: NSW Country Hour with Michael Condon - ABC listen (10 eps)
  Parsed: NSW Drive with Jess McGuire - ABC listen (10 eps)
  Parsed: NSW Saturday Mornings with Rae Johnston - ABC listen (10 eps)
  Parsed: NT Country Hour with Matt Brann - ABC listen (10 eps)
  Parsed: Octonauts: The Dolphin Reef Rescue and Other Stories with Vicky Wong and Michael C Murphy - ABC listen (0 eps)
  Parsed: Odd Squadcast - ABC listen (0 eps)
  Parsed: Opening Serve with Alex Page - ABC listen (10 eps)
  Parsed: Overnights with Trevor Chappell and Ashwin Segkar - ABC listen (10 eps)
  Parsed: Passenger with Stéphanie Kabanyana Kanyandekwe - ABC listen (6 eps)
  Parsed: Peaceful Piano with Taj Aldeeb - ABC listen (10 eps)
  Parsed: Perth Breakfast with Mark Gibson - ABC listen (10 eps)
  Parsed: Perth Drive with Oliver Peterson - ABC listen (10 eps)
  Parsed: WA Early Mornings with Ivo da Silva - ABC listen (10 eps)
  Parsed: Early Saturday Morning with Hilary Smale - ABC listen (10 eps)
  Parsed: WA Mornings with Nadia Mitsopoulos - ABC listen (10 eps)
  Parsed: Perth Saturday Breakfast with Amber Cunningham - ABC listen (10 eps)
  Parsed: Sports Talk & Extra Time with Mitch Turner and Ashleigh Nelson and Clint Wheeldon - ABC listen (10 eps)
  Parsed: Sunday Footy Forum with Clint Wheeldon - ABC listen (10 eps)
  Parsed: The Philosopher's Zone with David Rutledge - ABC listen (10 eps)
  Parsed: Pilbara Breakfast with Kelly Gudgeon - ABC listen (10 eps)
  Parsed: PM with Samantha Donovan - ABC listen (10 eps)
  Parsed: Queensland Country Hour with Kallee Buchanan - ABC listen (10 eps)
  Parsed: Qld Gardening Talkback with Susan Graham-Ryan - ABC listen (10 eps)
  Parsed: Quick Smart with Siobhan Marin - ABC listen (10 eps)
  Parsed: Critics Corner with Hilary Harper - ABC listen (10 eps)
  Parsed: Radio National Breakfast with Sally Sara - ABC listen (10 eps)
  Parsed: Ransom Man - ABC listen (0 eps)
  Parsed: Rear Vision with Antony Funnell and Ros Bluett - ABC listen (10 eps)
  Parsed: Regional Victoria Saturday Breakfast with Gavin McGrath - ABC listen (10 eps)
  Parsed: Regional Victoria Saturday Mornings with Matt Tribe - ABC listen (10 eps)
  Parsed: The Religion and Ethics Report with Andrew West - ABC listen (10 eps)
  Parsed: Riverina Breakfast with Sally Bryant - ABC listen (10 eps)
  Parsed: Riverina Grandstand with Warwick Pethybridge - ABC listen (10 eps)
  Parsed: Riverina Saturday Breakfast with Grant Luhrs - ABC listen (10 eps)
  Parsed: Riverland and South East SA Rural Report with Jessica Schremmer and Elsie Adamo - ABC listen (10 eps)
  Parsed: Riverland Breakfast with Matt Stephens - ABC listen (10 eps)
  Parsed: Riverland Saturday Breakfast with Julie Kimberley - ABC listen (10 eps)
  Parsed: Radio National Presents - ABC listen (10 eps)
  Parsed: Roots and Shoots with Amber Cunningham and Sabrina Hahn - ABC listen (10 eps)
  Parsed: SA Country Hour with Cassandra Hough and Selina Green - ABC listen (10 eps)
  Parsed: SA Regional Drive with Narelle Graham - ABC listen (10 eps)
  Parsed: SA Grandstand with Aaron Bryans - ABC listen (10 eps)
  Parsed: Saturday Night at the Opera with Mairi Nicolson - ABC listen (4 eps)
  Parsed: Saturday Extra with Nick Bryant - ABC listen (10 eps)
  Parsed: Saturday Night Country with Melody Moko - ABC listen (10 eps)
  Parsed: The Science Show with Robyn Williams and Belinda Smith - ABC listen (10 eps)
  Parsed: Screen Sounds with Dan Golding - ABC listen (4 eps)
  Parsed: Shepparton Breakfast with Jo Printz - ABC listen (10 eps)
  Parsed: Short Fast Loud with Josh Merriel - ABC listen (10 eps)
  Parsed: Short & Curly with Carl Smith and Molly Daniels and Eleanor Gordon-Smith - ABC listen (10 eps)
  Parsed: Sky High with Hau Latukefu - ABC listen (10 eps)
  Parsed: Someone Knows Something - ABC listen (10 eps)
  Parsed: Soul Search with Dr Meredith Lake - ABC listen (10 eps)
  Parsed: South East, Riverina, Central West and Western Plains Rural Report with Tim Fookes and Cara Jeffery and Joshua Becker - ABC listen (10 eps)
  Parsed: Queensland Southern Drive - ABC listen (10 eps)
  Parsed: South East NSW Breakfast with Eddie Williams - ABC listen (10 eps)
  Parsed: South East NSW Saturday Breakfast with Alice Ansara - ABC listen (10 eps)
  Parsed: South East SA Breakfast with Becc Bird and Liz Rymill - ABC listen (10 eps)
  Parsed: South East SA Weekends with Rod Sparks - ABC listen (10 eps)
  Parsed: Southern Queensland and Capricornia Rural Report with Brandon Long - ABC listen (10 eps)
  Parsed: Southern Qld Breakfast with David Iliffe - ABC listen (10 eps)
  Parsed: Southern Qld Mornings with Kemii Maguire - ABC listen (10 eps)
  Parsed: Southern Qld Saturday Breakfast with Dan McCray - ABC listen (10 eps)
  Parsed: South West Victoria Breakfast with Jeremy Lee - ABC listen (10 eps)
  Parsed: South West WA Breakfast with Stan Shaw - ABC listen (10 eps)
  Parsed: South West WA Mornings with Chela Williams - ABC listen (10 eps)
  Parsed: Great Southern and South West Rural Report with Kate Forrester - ABC listen (10 eps)
  Parsed: South West Saturday Breakfast with Jacqueline Lynch - ABC listen (10 eps)
  Parsed: Speaking Out with Larissa Behrendt - ABC listen (10 eps)
  Parsed: ABC Radio Specials - ABC listen (1 eps)
  Parsed: Special Features - ABC listen (1 eps)
  Parsed: Sport Hunter with Niav Owens - ABC listen (10 eps)
  Parsed: Stalked - ABC listen (0 eps)
  Parsed: Stop Everything with Beverley Wang and Hannah Reich - ABC listen (10 eps)
  Parsed: Story Stream - ABC listen (10 eps)
  Parsed: Stuff The British Stole with Marc Fennell - ABC listen (10 eps)
  Parsed: Sunday Baroque with Alice Keath - ABC listen (5 eps)
  Parsed: Sunday Extra with Julian Morrow - ABC listen (10 eps)
  Parsed: Sunshine Coast Breakfast with Tim Wong-See - ABC listen (10 eps)
  Parsed: Sunshine Coast Mornings with Sarah Howells - ABC listen (10 eps)
  Parsed: Sunshine Coast Saturday Breakfast with Sheridan Stewart - ABC listen (10 eps)
  Parsed: NSW Afternoons with James O'Loghlin - ABC listen (10 eps)
  Parsed: Sydney Breakfast with Craig Reucassel - ABC listen (10 eps)
  Parsed: Sydney Drive with Thomas Oriti - ABC listen (10 eps)
  Parsed: NSW & ACT Evenings with Renee Krosch - ABC listen (10 eps)
  Parsed: Sydney Mornings with Hamish Macdonald - ABC listen (10 eps)
  Parsed: Sydney Saturday Breakfast with Dom Knight - ABC listen (10 eps)
  Parsed: NSW Weekend Mornings with Chris Bath - ABC listen (10 eps)
  Parsed: Talkback Gardening with Deb Tribe and Sophie Thomson - ABC listen (10 eps)
  Parsed: Tasmanian Country Hour - ABC listen (10 eps)
  Parsed: Territory Grandstand with Charlie King - ABC listen (10 eps)
  Parsed: Thank God It's Friday! with Charlie Pickering - ABC listen (10 eps)
  Parsed: The ABC Jazz Sessions - ABC listen (10 eps)
  Parsed: The Art of the Piano with Andrea Lam - ABC listen (6 eps)
  Parsed: The Art Show with Micheal Do - ABC listen (10 eps)
  Parsed: The Block Party with Hau Latukefu - ABC listen (4 eps)
  Parsed: The Book Show with Claire Nichols - ABC listen (10 eps)
  Parsed: The Bookshelf with Kate Evans and Cassie McCullagh - ABC listen (10 eps)
  Parsed: The Dinner Mix - ABC listen (4 eps)
  Parsed: The Dinner Set with Kate Wadey - ABC listen (10 eps)
  Parsed: The Dinner Set with Kate Wadey - ABC listen (10 eps)
  Parsed: The Economy, Stupid with Peter Martin - ABC listen (10 eps)
  Parsed: The Grill with ​​Ben Ilobuchi, Izzy Wight and Tadiwa Harawa ​ - ABC listen (10 eps)
  Parsed: The Happy Hour - ABC listen (10 eps)
  Parsed: Margaret Throsby Interviews with Margaret Throsby - ABC listen (4 eps)
  Parsed: The Opera Show with Mairi Nicolson - ABC listen (4 eps)
  Parsed: The Radio National Hour with Fran Kelly - ABC listen (10 eps)
  Parsed: The Screen Show with Jason Di Rosso - ABC listen (10 eps)
  Parsed: The Stage Show with Michael Cathcart - ABC listen (10 eps)
  Parsed: The Big Fish with Scott Levi - ABC listen (10 eps)
  Parsed: The Conversation Hour with Mary Gearin - ABC listen (10 eps)
  Parsed: The Friday Revue with Jacinta Parsons and Brian Nankervis - ABC listen (10 eps)
  Parsed: The Minefield with Waleed Aly and Scott Stephens - ABC listen (10 eps)
  Parsed: This Working Life with Lisa Leong - ABC listen (10 eps)
  Parsed: Top 100 Books - ABC listen (9 eps)
  Parsed: Tower of Song with Henry Wagons - ABC listen (10 eps)
  Parsed: triple j Unearthed Podcast - triple j Unearthed (10 eps)
  Parsed: Tropical North Breakfast with Rob Kidd - ABC listen (10 eps)
  Parsed: Tropical North Saturday Breakfast with Dave Perkins - ABC listen (10 eps)
  Parsed: Tropical North and Wide Bay Rural Report with Tayla Larsen and Aimee Mitchell - ABC listen (10 eps)
  Parsed: Unravel - ABC listen (10 eps)
  Parsed: Uncanny - ABC listen (0 eps)
  Parsed: Uncover: Sea of Lies - ABC listen (8 eps)
  Parsed: Unwind with Greta Bradman - ABC listen (10 eps)
  Parsed: Upper Hunter, New England and North West Rural Report with Amelia Bernasconi and Lara Webster - ABC listen (10 eps)
  Parsed: Upper Hunter Breakfast with Sean Murphy - ABC listen (10 eps)
  Parsed: Victorian Country Hour with Warwick Long - ABC listen (10 eps)
  Parsed: Victorian Statewide Drive with Prue Bentley - ABC listen (10 eps)
  Parsed: Victorian Statewide Mornings with Nic Healey - ABC listen (10 eps)
  Parsed: WA Afternoons with Jo Trilling - ABC listen (10 eps)
  Parsed: WA Country Hour with Belinda Varischetti - ABC listen (10 eps)
  Parsed: WA Statewide Drive with Andrew Collins - ABC listen (10 eps)
  Parsed: WA Regional Breakfast with Stan Shaw - ABC listen (10 eps)
  Parsed: WA Regional Mornings with Peter Barr - ABC listen (10 eps)
  Parsed: Wait... They Did What!? with Tilly Oddy-Black - ABC listen (5 eps)
  Parsed: Weekend Evenings with Sirine Demachkie and Mark Humphries and Christine Anu - ABC listen (10 eps)
  Parsed: Weekends with Andrea Gibbs and Mikaela Simpson - ABC listen (10 eps)
  Parsed: SA Weekends with Deb Tribe - ABC listen (10 eps)
  Parsed: Western Victoria, Mildura Swan Hill and Central Victoria Rural Report with Angus Verley - ABC listen (10 eps)
  Parsed: Western Plains Breakfast with Kim Goldsmith - ABC listen (10 eps)
  Parsed: Central West Saturday Gardening with Reg Kidd - ABC listen (10 eps)
  Parsed: Central West Saturday Sport with Geoff Mann - ABC listen (10 eps)
  Parsed: Western Qld Breakfast with Danny Kennedy - ABC listen (10 eps)
  Parsed: Western Qld Saturday Breakfast with Heather Hale - ABC listen (10 eps)
  Parsed: What The Duck?! with Ann Jones - ABC listen (10 eps)
  Parsed: What's On with Alice Keath - ABC listen (4 eps)
  Parsed: What's That Rash? with Norman Swan and Tegan Taylor - ABC listen (10 eps)
  Parsed: Midwest and Wheatbelt Breakfast with Dana Hamilton - ABC listen (10 eps)
  Parsed: Midwest and Wheatbelt Mornings with Glenn Barndon - ABC listen (10 eps)
  Parsed: Midwest and Wheatbelt Saturday Breakfast with Natalie Browning - ABC listen (10 eps)
  Parsed: Wide Bay Breakfast with David Dowsett - ABC listen (10 eps)
  Parsed: Wide Bay Saturday Breakfast with Di Wills - ABC listen (10 eps)
  Parsed: Wimmera Breakfast with Rebekah Lowe - ABC listen (10 eps)
  Parsed: The World Today - ABC listen (10 eps)
  Parsed: Young Performers with Nina Korbe - ABC listen (6 eps)
  Parsed: You're Dead To Me - ABC listen (0 eps)
  ✓ parse complete (443 podcasts)

▶ Stage: enrich
  ★ All In the Mind with Sana Qada: ID=73330911, Genre='Life Sciences', Reviews=5
  ★ Background Briefing - ABC list: ID=73330306, Genre='News', Reviews=5
  ★ Bludging on the Blindside with: ID=1506120132, Genre='Sport', Reviews=5
  ★ Conversations with Richard Fid: ID=94688506, Genre='Relationships', Reviews=5
  ★ Expanse with Dominique Bayens : ID=1469153910, Genre='True Crime', Reviews=5
  ★ Global Roaming with Geraldine : ID=1725924485, Genre='News', Reviews=5
  ★ Health Report with Norman Swan: ID=74842478, Genre='Medicine', Reviews=5
  ★ If You're Listening with Matt : ID=1381291342, Genre='Politics', Reviews=5
  ★ Late Night Live with David Mar: ID=73330961, Genre='Society & Culture', Reviews=5
  ★ No One Saw It Coming with Marc: ID=1805005780, Genre='History', Reviews=5
  ★ Not Stupid with Julia Baird an: ID=1581701077, Genre='News', Reviews=5
  ★ Politics Now with Patricia Kar: ID=1102298716, Genre='Politics', Reviews=5
  ★ Science Friction - ABC listen: ID=1224525821, Genre='Science', Reviews=5
  ★ The Case Of with Stephen Stock: ID=1736879192, Genre='True Crime', Reviews=5
  ★ 00s Night - ABC listen: ID=1155093897, Genre='Music', Reviews=0
    No results found in iTunes for '50 Classical Icons with Mairi Nicolson'
  ★ A Death In Cryptoland - ABC li: ID=1562877485, Genre='True Crime', Reviews=3
  ★ A Word in Your Ear with Roly S: ID=336052520, Genre='Society & Culture', Reviews=5
  ★ ABC AFL DAILY with Corbin Midd: ID=1742122741, Genre='Sport', Reviews=5
  ★ ABC Alice Springs Local News w: ID=1388820899, Genre='Daily News', Reviews=1
  ★ ABC Ballarat Local News with N: ID=317446175, Genre='Technology', Reviews=2
  ★ ABC Broken Hill Local News wit: ID=1471023870, Genre='Comedy Interviews', Reviews=0
  ★ ABC Business Daily with Carrin: ID=1102298716, Genre='Politics', Reviews=5
  ★ ABC Capricornia Local News wit: ID=317446175, Genre='Technology', Reviews=2
  ★ ABC Central Coast Local News w: ID=317446175, Genre='Technology', Reviews=2
  ★ ABC Central Victoria Local New: ID=317446175, Genre='Technology', Reviews=2
  ★ ABC Central West Local News wi: ID=1849483654, Genre='News', Reviews=0
  ★ ABC Coffs Coast Local News wit: ID=1313615376, Genre='Comedy', Reviews=0
  ★ ABC COMEDY Presents - ABC list: ID=1459332175, Genre='Comedy', Reviews=5
  ★ ABC Country Curates - ABC list: ID=1833945380, Genre='Management', Reviews=0
  ★ ABC Cricket Podcast with Corbi: ID=1445812977, Genre='Cricket', Reviews=5
  ★ ABC Esperance Local News with : ID=1502115003, Genre='News', Reviews=0
  ★ ABC Eyre Peninsula Local News : ID=1739176175, Genre='Daily News', Reviews=0
  ★ ABC Far North Local News with : ID=297778503, Genre='Daily News', Reviews=5
  ★ ABC Gippsland Local News with : ID=317446175, Genre='Technology', Reviews=2
  ★ ABC Gold Coast Local News with: ID=1532062584, Genre='News Commentary', Reviews=3
  ★ ABC Goldfields Local News with: ID=317446175, Genre='Technology', Reviews=2
  ★ ABC Great Southern Local News : ID=1515333966, Genre='News', Reviews=0
  ★ ABC Illawarra Local News with : ID=698552853, Genre='News', Reviews=1
  ★ ABC Jazz Favourites - ABC list: ID=311113456, Genre='Business', Reviews=1
  ★ ABC Kimberley Local News with : ID=1601884556, Genre='News', Reviews=0
  ★ ABC Mid North Coast Local News: ID=1313615376, Genre='Comedy', Reviews=0
  ★ ABC Midwest & Wheatbelt Local : ID=1388820899, Genre='Daily News', Reviews=1
  ★ ABC New England North West Loc: ID=311113450, Genre='Business', Reviews=2
  ★ ABC Newcastle Local News with : ID=1614199431, Genre='Politics', Reviews=0
  ★ ABC News Daily with Samantha H: ID=1349523628, Genre='Daily News', Reviews=5
  ★ ABC North and West SA Local Ne: ID=308767449, Genre='Business', Reviews=1
  ★ ABC North Coast Local News wit: ID=317446175, Genre='Technology', Reviews=2
  ★ ABC North Qld Local News with : ID=317446175, Genre='Technology', Reviews=2
  ★ ABC Northern Tasmania Local Ne: ID=317446175, Genre='Technology', Reviews=2
  ★ ABC North West Local News with: ID=317446175, Genre='Technology', Reviews=2
  ★ ABC NRL Daily with Andrew Moor: ID=1748046648, Genre='Sport', Reviews=1
  ★ ABC Pilbara Local News with Ne: ID=317446175, Genre='Technology', Reviews=2
  ★ ABC Rewind - ABC listen: ID=1337405260, Genre='History', Reviews=5
  ★ ABC Riverina Local News with N: ID=661532769, Genre='News', Reviews=1
  ★ ABC Shepparton Local News with: ID=317446175, Genre='Technology', Reviews=2
  ★ ABC South East NSW Local News : ID=317446175, Genre='Technology', Reviews=2
  ★ ABC SPORT DAILY with Patrick S: ID=1626226767, Genre='Sport', Reviews=5
  ★ ABC Tropical North Local News : ID=297778503, Genre='Daily News', Reviews=5
  ★ ABC Wimmera Local News with Ne: ID=1006554000, Genre='News', Reviews=5
  ★ 00s Night - ABC listen: ID=1155093897, Genre='Music', Reviews=0
  ✓ enrich complete (443 podcasts)
Successfully collected 443 podcasts.
Wrote data to data/podcasts_450_metadata.jsonl
