/Users/craigmccosker/Library/Python/3.9/lib/python/site-packages/urllib3/__init__.py:35: NotOpenSSLWarning: urllib3 v2 only supports OpenSSL 1.1.1+, currently the 'ssl' module is compiled with 'LibreSSL 2.8.3'. See: https://github.com/urllib3/urllib3/issues/3020
  warnings.warn(
Running single stage: ai-enrich
Loading existing data from data/podcasts_450_metadata.jsonl...
Loaded 439 existing podcasts.

▶ Stage: ai-enrich
  🤖 Analyzing: All In the Mind with Sana Qadar - ABC li...
    ✨ Vibe detected: Curious
    🪝 Hook: Exploring the limitlessness of the human mind and the mechanics of human behavior.
    Analyzing episode: Staying sane in space...
      🔹 Episode Vibe: Standard
    Analyzing episode: Mind Hacks with Dr Billy Garve...
    ❌ Critical failure while processing All In the Mind with Sana Qadar - ABC li: podcast_catalogue.models.Vibe() argument after ** must be a mapping, not str
  🤖 Analyzing: Background Briefing - ABC listen...
    ✨ Vibe detected: Standard
    🪝 Hook: None
    Analyzing episode: 01 In Search of the Missing Ar...
      🔹 Episode Vibe: Standard
    Analyzing episode: Introducing | In Search of the...
    ❌ Critical failure while processing Background Briefing - ABC listen: podcast_catalogue.models.Vibe() argument after ** must be a mapping, not str
  🤖 Analyzing: Bludging on the Blindside with Rampaging...
    ✨ Vibe detected: Standard
    🪝 Hook: None
    Analyzing episode: Shark Meltdown - 30 year celeb...
      🔹 Episode Vibe: Standard
    Analyzing episode: Happy Easter, happy Rugby Leag...
      🔹 Episode Vibe: Standard
  🤖 Analyzing: Conversations with Richard Fidler and Sa...
    ✨ Vibe detected: Standard
    🪝 Hook: None
    Analyzing episode: The story behind Sydney’s Luna...
    ❌ Critical failure while processing Conversations with Richard Fidler and Sa: podcast_catalogue.models.Vibe() argument after ** must be a mapping, not str
  🤖 Analyzing: Expanse with Dominique Bayens - ABC list...
    ❌ Critical failure while processing Expanse with Dominique Bayens - ABC list: podcast_catalogue.models.Vibe() argument after ** must be a mapping, not str
  🤖 Analyzing: Global Roaming with Geraldine Doogue and...
    ✨ Vibe detected: Standard
    🪝 Hook: None
    Analyzing episode: Keir Starmer is ‘fed up’ and s...
    ❌ Critical failure while processing Global Roaming with Geraldine Doogue and: podcast_catalogue.models.Vibe() argument after ** must be a mapping, not str
  🤖 Analyzing: Health Report with Norman Swan and Dr Pr...
    ✨ Vibe detected: Standard
    🪝 Hook: None
    Analyzing episode: Treating a medical emergency ....
      🔹 Episode Vibe: Standard
    Analyzing episode: What to expect this flu season...
    ❌ Critical failure while processing Health Report with Norman Swan and Dr Pr: podcast_catalogue.models.Vibe() argument after ** must be a mapping, not str
  🤖 Analyzing: If You're Listening with Matt Bevan - AB...
    ❌ Critical failure while processing If You're Listening with Matt Bevan - AB: podcast_catalogue.models.Vibe() argument after ** must be a mapping, not str
  🤖 Analyzing: Late Night Live with David Marr - ABC li...
    ✨ Vibe detected: Standard
    🪝 Hook: None
    Analyzing episode: A Jewish Australian lawyer rec...
    ❌ Critical failure while processing Late Night Live with David Marr - ABC li: podcast_catalogue.models.Vibe() argument after ** must be a mapping, not str
  🤖 Analyzing: No One Saw It Coming with Marc Fennell -...
    ✨ Vibe detected: Standard
    🪝 Hook: None
    Analyzing episode: Ancient Greek built a steam en...
    ❌ Critical failure while processing No One Saw It Coming with Marc Fennell -: podcast_catalogue.models.Vibe() argument after ** must be a mapping, not str
  🤖 Analyzing: Not Stupid with Julia Baird and Jeremy F...
    ✨ Vibe detected: Standard
    🪝 Hook: None
    Analyzing episode: Trump's oil advice and a legal...
    ❌ Critical failure while processing Not Stupid with Julia Baird and Jeremy F: podcast_catalogue.models.Vibe() argument after ** must be a mapping, not str
  🤖 Analyzing: Politics Now with Patricia Karvelas - AB...
    ✨ Vibe detected: Standard
    🪝 Hook: None
    Analyzing episode: A world full of predators...
      🔹 Episode Vibe: Standard
    Analyzing episode: It's all a bit 'grim' for Jim...
      🔹 Episode Vibe: Standard
  🤖 Analyzing: Science Friction - ABC listen...
    ✨ Vibe detected: Standard
    🪝 Hook: None
    Analyzing episode: 12 | Artemis Explained: What a...
      🔹 Episode Vibe: Standard
    Analyzing episode: 11 | Artemis Explained: Missio...
      🔹 Episode Vibe: Standard
  🤖 Analyzing: The Case Of with Stephen Stockwell and R...
    ✨ Vibe detected: Standard
    🪝 Hook: None
    Analyzing episode: 11 The Two Intruders | Verdict...
