/Users/craigmccosker/Library/Python/3.9/lib/python/site-packages/urllib3/__init__.py:35: NotOpenSSLWarning: urllib3 v2 only supports OpenSSL 1.1.1+, currently the 'ssl' module is compiled with 'LibreSSL 2.8.3'. See: https://github.com/urllib3/urllib3/issues/3020
  warnings.warn(
Running single stage: ai-enrich
Loading existing data from data/podcasts_450_metadata.jsonl...
Loaded 439 existing podcasts.

▶ Stage: ai-enrich
  🤖 Analyzing: All In the Mind with Sana Qadar - ABC li...
    Analyzing episode: Staying sane in space...
    Analyzing episode: Mind Hacks with Dr Billy Garve...
  🤖 Analyzing: Background Briefing - ABC listen...
    Analyzing episode: 01 In Search of the Missing Ar...
    Analyzing episode: Introducing | In Search of the...
  🤖 Analyzing: Bludging on the Blindside with Rampaging...
    Analyzing episode: Shark Meltdown - 30 year celeb...
    Analyzing episode: Happy Easter, happy Rugby Leag...
  🤖 Analyzing: Conversations with Richard Fidler and Sa...
    Analyzing episode: The story behind Sydney’s Luna...
    Analyzing episode: Encore: What I learnt about Au...
  🤖 Analyzing: Expanse with Dominique Bayens - ABC list...
    Analyzing episode: BONUS | Who was Tony Popic?...
    Analyzing episode: 06 Expanse: The Nannup Four | ...
  🤖 Analyzing: Global Roaming with Geraldine Doogue and...
    Analyzing episode: Keir Starmer is ‘fed up’ and s...
    Analyzing episode: How Hungary trumped Orbán...
  🤖 Analyzing: Health Report with Norman Swan and Dr Pr...
    Analyzing episode: Treating a medical emergency ....
    Analyzing episode: What to expect this flu season...
  🤖 Analyzing: If You're Listening with Matt Bevan - AB...
    Analyzing episode: How the Iran war exposed Austr...
    Analyzing episode: Trump’s on-again, off-again ne...
  🤖 Analyzing: Late Night Live with David Marr - ABC li...
    Analyzing episode: A Jewish Australian lawyer rec...
    Analyzing episode: Ian Dunt's UK, the Colombo pla...
  🤖 Analyzing: No One Saw It Coming with Marc Fennell -...
    Analyzing episode: Ancient Greek built a steam en...
    Analyzing episode: She gave her son smallpox. Her...
  🤖 Analyzing: Not Stupid with Julia Baird and Jeremy F...
    Analyzing episode: Trump's oil advice and a legal...
    Analyzing episode: Let them eat cake...
  🤖 Analyzing: Politics Now with Patricia Karvelas - AB...
    Analyzing episode: A world full of predators...
    Analyzing episode: It's all a bit 'grim' for Jim...
  🤖 Analyzing: Science Friction - ABC listen...
    Analyzing episode: 12 | Artemis Explained: What a...
    Analyzing episode: 11 | Artemis Explained: Missio...
  🤖 Analyzing: The Case Of with Stephen Stockwell and R...
    Analyzing episode: 11 The Two Intruders | Verdict...
    Analyzing episode: 08 Wheelie Bin Murder | The qu...
  🤖 Analyzing: 00s Night - ABC listen...
    Analyzing episode: More musical memories from the...
    Analyzing episode: Dappled Cities takeover 00s Ni...
  🤖 Analyzing: 50 Classical Icons with Mairi Nicolson -...
    Analyzing episode: Trumpeter Sergei Nakariakov...
    Analyzing episode: Soprano Leontyne Price...
  🤖 Analyzing: A Death In Cryptoland - ABC listen...
    Analyzing episode: 01 | The Body...
    Analyzing episode: 02 | Hunting Ghosts...
  🤖 Analyzing: A Word in Your Ear with Roly Sussex - AB...
    Analyzing episode: A Word in Your Ear: Christmas ...
    Analyzing episode: A Word in Your Ear: Politeness...
  🤖 Analyzing: ABC AFL DAILY with Corbin Middlemas and ...
    Analyzing episode: Blues’ recurring nightmare as ...
    Analyzing episode: The incentive of accusers and ...
  🤖 Analyzing: ABC Alice Springs Local News with News T...
    ✨ Vibe detected: Informational
    🪝 Hook: Local news, updated weekdays at 6:35am.
    Analyzing episode: ABC Alice Springs Local News...
      🔹 Episode Vibe: Informational
  🤖 Analyzing: ABC Ballarat Local News with News Team -...
    ✨ Vibe detected: Informational
    🪝 Hook: Local news, updated weekdays at 7:35am.
    Analyzing episode: ABC Ballarat Local News...
      🔹 Episode Vibe: Informational
  🤖 Analyzing: ABC Broken Hill Local News with News Tea...
    ✨ Vibe detected: Informational
    🪝 Hook: Local news, updated weekdays at 6:35am.
    Analyzing episode: ABC Broken Hill Local News...
      🔹 Episode Vibe: Informational
  🤖 Analyzing: ABC Business Daily with Carrington Clark...
    Analyzing episode: Fuelcast: What does the Viva f...
    Analyzing episode: Australia has two refineries. ...
  🤖 Analyzing: ABC Capricornia Local News with News Tea...
    ✨ Vibe detected: Informational
    🪝 Hook: Local news, updated weekdays at 6:35am.
    Analyzing episode: ABC Capricornia Local News...
      🔹 Episode Vibe: Informational
  🤖 Analyzing: ABC Central Coast Local News with News T...
    Analyzing episode: ABC Central Coast Local News...
      🔹 Episode Vibe: Informational
  🤖 Analyzing: ABC Central Victoria Local News with New...
    ✨ Vibe detected: Informational
    🪝 Hook: Local news, updated weekdays at 6:35am.
    Analyzing episode: ABC Central Victoria Local New...
      🔹 Episode Vibe: Informational
  🤖 Analyzing: ABC Central West Local News with News Te...
    ✨ Vibe detected: Informational
    🪝 Hook: Local news, updated weekdays at 6:35am.
    Analyzing episode: ABC Central West Local News...
      🔹 Episode Vibe: Informational
  🤖 Analyzing: ABC Coffs Coast Local News with News Tea...
    ✨ Vibe detected: Informational
    🪝 Hook: Local news, updated weekdays at 6:35am.
    Analyzing episode: ABC Coffs Coast Local News...
      🔹 Episode Vibe: Informational
  🤖 Analyzing: ABC COMEDY Presents - ABC listen...
    Analyzing episode: A Comedy Bite featuring Alex W...
    Analyzing episode: A Comedy Bite featuring He Hua...
  🤖 Analyzing: ABC Country Curates - ABC listen...
