/Users/craigmccosker/Library/Python/3.9/lib/python/site-packages/urllib3/__init__.py:35: NotOpenSSLWarning: urllib3 v2 only supports OpenSSL 1.1.1+, currently the 'ssl' module is compiled with 'LibreSSL 2.8.3'. See: https://github.com/urllib3/urllib3/issues/3020
  warnings.warn(
Starting full pipeline from sitemap: https://www.abc.net.au/sitemaps/sitemap-listen-0.xml.gz

▶ Stage: discover
  Fetching popular list from https://www.abc.net.au/listen/listenapp/most-listened-podcasts/103470928...
  Found 14 popular shows.
  Fetching sitemap: https://www.abc.net.au/sitemaps/sitemap-listen-0.xml.gz
  Found 450 unique shows.
  Discovered 50 shows to process.
  ✓ discover complete (50 podcasts)

▶ Stage: parse
  Parsed: All In the Mind with Sana Qadar - ABC listen (10 eps)
  Parsed: Background Briefing - ABC listen (10 eps)
  Parsed: Bludging on the Blindside with Rampaging Roy Slaven and HG Nelson - ABC listen (10 eps)
  Parsed: Conversations with Richard Fidler and Sarah Kanowski - ABC listen (10 eps)
  Parsed: Expanse with Dominique Bayens - ABC listen (10 eps)
  Parsed: Global Roaming with Geraldine Doogue and Hamish Macdonald and Kylie Morris and Latika Bourke - ABC listen (10 eps)
  Parsed: Health Report with Norman Swan and Dr Preeya Alexander - ABC listen (10 eps)
  Parsed: If You're Listening with Matt Bevan - ABC listen (10 eps)
  Parsed: Late Night Live with David Marr - ABC listen (10 eps)
  Parsed: No One Saw It Coming with Marc Fennell - ABC listen (10 eps)
  Parsed: Not Stupid with Julia Baird and Jeremy Fernandez - ABC listen (10 eps)
  Parsed: Politics Now with Patricia Karvelas - ABC listen (10 eps)
  Parsed: Science Friction - ABC listen (10 eps)
  Parsed: The Case Of with Stephen Stockwell and Rachael Brown and Kristian Silva - ABC listen (10 eps)
  Parsed: 00s Night - ABC listen (4 eps)
  Parsed: 50 Classical Icons with Mairi Nicolson - ABC listen (6 eps)
  Parsed: A Death In Cryptoland - ABC listen (6 eps)
  Parsed: A Word in Your Ear with Roly Sussex - ABC listen (10 eps)
  Parsed: ABC AFL DAILY with Corbin Middlemas and Ben Cameron - ABC listen (10 eps)
  Parsed: ABC Alice Springs Local News with News Team - ABC listen (1 eps)
  Parsed: ABC Ballarat Local News with News Team - ABC listen (1 eps)
  Parsed: ABC Broken Hill Local News with News Team - ABC listen (1 eps)
  Parsed: ABC Business Daily with Carrington Clarke and Alan Kohler - ABC listen (10 eps)
  Parsed: ABC Capricornia Local News with News Team - ABC listen (1 eps)
  Parsed: ABC Central Coast Local News with News Team - ABC listen (1 eps)
  Parsed: ABC Central Victoria Local News with News Team - ABC listen (1 eps)
  Parsed: ABC Central West Local News with News Team - ABC listen (1 eps)
  Parsed: ABC Coffs Coast Local News with News Team - ABC listen (1 eps)
  Parsed: ABC COMEDY Presents - ABC listen (10 eps)
  Parsed: ABC Country Curates - ABC listen (9 eps)
  Parsed: ABC Cricket Podcast with Corbin Middlemas and Ed Cowan - ABC listen (10 eps)
  Parsed: ABC Esperance Local News with News Team - ABC listen (1 eps)
  Parsed: ABC Eyre Peninsula Local News with News Team - ABC listen (1 eps)
  Parsed: ABC Far North Local News with News Team - ABC listen (1 eps)
  Parsed: ABC Gippsland Local News with News Team - ABC listen (1 eps)
  Parsed: ABC Gold Coast Local News with News Team - ABC listen (1 eps)
  Parsed: ABC Goldfields Local News with News Team - ABC listen (1 eps)
  Parsed: ABC Goulburn Murray Local News with News Team - ABC listen (1 eps)
  Parsed: ABC Great Southern Local News with News Team - ABC listen (1 eps)
  Parsed: ABC Illawarra Local News with News Team - ABC listen (1 eps)
  Parsed: ABC Jazz Favourites - ABC listen (10 eps)
  Parsed: ABC Kimberley Local News with News Team - ABC listen (1 eps)
  Parsed: ABC Mid North Coast Local News with News Team - ABC listen (1 eps)
  Parsed: ABC Midwest & Wheatbelt Local News with News Team - ABC listen (1 eps)
  Parsed: ABC Mildura-Swan Hill Local News with News Team - ABC listen (1 eps)
  Parsed: ABC New England North West Local News with News Team - ABC listen (1 eps)
  Parsed: ABC Newcastle Local News with News Team - ABC listen (1 eps)
  Parsed: ABC News Daily with Samantha Hawley - ABC listen (10 eps)
  Parsed: ABC NewsRadio - ABC listen (2 eps)
  Parsed: ABC North and West SA Local News with News Team - ABC listen (1 eps)
  ✓ parse complete (50 podcasts)
Successfully collected 50 podcasts.
Wrote data to data/podcasts_enriched_full.jsonl
